// Jest Snapshot v1, https://goo.gl/fbAQLP

exports[`protocol version "0" returns latest "android" manifest 1`] = `
Object {
  "expoClient": Object {
    "android": Object {
      "adaptiveIcon": Object {
        "backgroundColor": "#FFFFFF",
        "foregroundImage": "./assets/adaptive-icon.png",
      },
      "package": "com.diamondrarktvo.smmecflash.expoupdatesclient",
    },
    "assetBundlePatterns": Array [
      "**/*",
    ],
    "currentFullName": "@smmec/mobile",
    "icon": "./assets/icon.png",
    "ios": Object {
      "bundleIdentifier": "com.diamondrarktvo.smmecflash.mobile",
      "supportsTablet": true,
    },
    "name": "mobile",
    "orientation": "portrait",
    "originalFullName": "@smmec/mobile",
    "owner": "ibonia_sa",
    "platforms": Array [
      "ios",
      "android",
      "web",
    ],
    "runtimeVersion": "1",
    "sdkVersion": "47.0.0",
    "slug": "mobile",
    "splash": Object {
      "backgroundColor": "#ffffff",
      "image": "./assets/splash.png",
      "resizeMode": "contain",
    },
    "updates": Object {
      "enabled": true,
      "fallbackToCacheTimeout": 30000,
      "url": "http://localhost:3000/api/manifest",
    },
    "version": "1.0.0",
    "web": Object {
      "favicon": "./assets/favicon.png",
    },
  },
}
`;

exports[`protocol version "0" returns latest "ios" manifest 1`] = `
Object {
  "expoClient": Object {
    "android": Object {
      "adaptiveIcon": Object {
        "backgroundColor": "#FFFFFF",
        "foregroundImage": "./assets/adaptive-icon.png",
      },
      "package": "com.diamondrarktvo.smmecflash.expoupdatesclient",
    },
    "assetBundlePatterns": Array [
      "**/*",
    ],
    "currentFullName": "@smmec/mobile",
    "icon": "./assets/icon.png",
    "ios": Object {
      "bundleIdentifier": "com.diamondrarktvo.smmecflash.mobile",
      "supportsTablet": true,
    },
    "name": "mobile",
    "orientation": "portrait",
    "originalFullName": "@smmec/mobile",
    "owner": "ibonia_sa",
    "platforms": Array [
      "ios",
      "android",
      "web",
    ],
    "runtimeVersion": "1",
    "sdkVersion": "47.0.0",
    "slug": "mobile",
    "splash": Object {
      "backgroundColor": "#ffffff",
      "image": "./assets/splash.png",
      "resizeMode": "contain",
    },
    "updates": Object {
      "enabled": true,
      "fallbackToCacheTimeout": 30000,
      "url": "http://localhost:3000/api/manifest",
    },
    "version": "1.0.0",
    "web": Object {
      "favicon": "./assets/favicon.png",
    },
  },
}
`;

exports[`protocol version "1" returns latest "android" manifest 1`] = `
Object {
  "expoClient": Object {
    "android": Object {
      "adaptiveIcon": Object {
        "backgroundColor": "#FFFFFF",
        "foregroundImage": "./assets/adaptive-icon.png",
      },
      "package": "com.diamondrarktvo.smmecflash.expoupdatesclient",
    },
    "assetBundlePatterns": Array [
      "**/*",
    ],
    "currentFullName": "@smmec/mobile",
    "icon": "./assets/icon.png",
    "ios": Object {
      "bundleIdentifier": "com.diamondrarktvo.smmecflash.mobile",
      "supportsTablet": true,
    },
    "name": "mobile",
    "orientation": "portrait",
    "originalFullName": "@smmec/mobile",
    "owner": "ibonia_sa",
    "platforms": Array [
      "ios",
      "android",
      "web",
    ],
    "runtimeVersion": "1",
    "sdkVersion": "47.0.0",
    "slug": "mobile",
    "splash": Object {
      "backgroundColor": "#ffffff",
      "image": "./assets/splash.png",
      "resizeMode": "contain",
    },
    "updates": Object {
      "enabled": true,
      "fallbackToCacheTimeout": 30000,
      "url": "http://localhost:3000/api/manifest",
    },
    "version": "1.0.0",
    "web": Object {
      "favicon": "./assets/favicon.png",
    },
  },
}
`;

exports[`protocol version "1" returns latest "ios" manifest 1`] = `
Object {
  "expoClient": Object {
    "android": Object {
      "adaptiveIcon": Object {
        "backgroundColor": "#FFFFFF",
        "foregroundImage": "./assets/adaptive-icon.png",
      },
      "package": "com.diamondrarktvo.smmecflash.expoupdatesclient",
    },
    "assetBundlePatterns": Array [
      "**/*",
    ],
    "currentFullName": "@smmec/mobile",
    "icon": "./assets/icon.png",
    "ios": Object {
      "bundleIdentifier": "com.diamondrarktvo.smmecflash.mobile",
      "supportsTablet": true,
    },
    "name": "mobile",
    "orientation": "portrait",
    "originalFullName": "@smmec/mobile",
    "owner": "ibonia_sa",
    "platforms": Array [
      "ios",
      "android",
      "web",
    ],
    "runtimeVersion": "1",
    "sdkVersion": "47.0.0",
    "slug": "mobile",
    "splash": Object {
      "backgroundColor": "#ffffff",
      "image": "./assets/splash.png",
      "resizeMode": "contain",
    },
    "updates": Object {
      "enabled": true,
      "fallbackToCacheTimeout": 30000,
      "url": "http://localhost:3000/api/manifest",
    },
    "version": "1.0.0",
    "web": Object {
      "favicon": "./assets/favicon.png",
    },
  },
}
`;
